// Jest Snapshot v1, https://goo.gl/fbAQLP

exports[`Renders snapshot as expected 1`] = `
<View
  style={
    Object {
      "alignItems": "center",
      "backgroundColor": "#FFFFFF",
      "flex": 1,
      "justifyContent": "center",
    }
  }
>
  <Text>
    Welcome to Uprise
  </Text>
  <Styled(SvgImage)
    iconName={
      Object {
        "testUri": "../../../assets/images/viewprofile.svg",
      }
    }
    size={30}
  />
</View>
`;
